com/myrecommender/handler/actions/preferenceoriented/StorePreferenceAction.class
com/myrecommender/handler/actions/Action.class
com/myrecommender/model/MySQLJDBCDataModel.class
com/myrecommender/handler/actions/IAction.class
com/myrecommender/mahout_service/RecommenderServlet.class
com/myrecommender/handler/actions/itemoriented/SavePlaceAction.class
com/myrecommender/handler/actions/useroriented/GetUserByIdAction.class
com/myrecommender/handler/actions/useroriented/LoginAction.class
com/myrecommender/mahout_service/RecommenderSingleton.class
com/myrecommender/handler/actions/itemoriented/GetItemAction.class
com/myrecommender/handler/actions/useroriented/GetUserAction.class
com/myrecommender/model/AbstractJDBCDataModel$ItemPrefCountRetriever.class
com/myrecommender/handler/actions/preferenceoriented/CheckPrefExistsAction.class
com/myrecommender/mahout_service/GeoRescorer.class
com/myrecommender/model/AbstractJDBCDataModel$ResultSetIDIterator.class
com/myrecommender/model/AbstractJDBCDataModel$1.class
com/myrecommender/handler/util/HibernateUtil.class
com/myrecommender/mahout_service/RecommenderWrapper.class
com/myrecommender/model/AbstractJDBCDataModel.class
com/myrecommender/handler/actions/preferenceoriented/UpdatePreferenceAction.class
com/myrecommender/handler/actions/useroriented/SetUserLatLngAction.class
com/myrecommender/handler/models/entities/Preference.class
com/myrecommender/handler/models/entities/Item.class
com/myrecommender/handler/actions/preferenceoriented/GetPrefAction.class
com/myrecommender/handler/actions/useroriented/GetUserPrefsAction.class
com/myrecommender/mahout_service/SampleRecommender.class
com/myrecommender/handler/models/entities/User.class
com/myrecommender/handler/actions/itemoriented/GetItemIdAction.class
com/myrecommender/handler/actions/useroriented/CreateUserAction.class
com/myrecommender/handler/actions/itemoriented/GetGPlaceIdAction.class
com/myrecommender/handler/HandlerServlet.class
