/home/user/Desktop/git_projects/mahout_ws/src/main/java/com/myrecommender/handler/models/entities/Preference.java
/home/user/Desktop/git_projects/mahout_ws/src/main/java/com/myrecommender/handler/models/entities/User.java
/home/user/Desktop/git_projects/mahout_ws/src/main/java/com/myrecommender/handler/actions/IAction.java
/home/user/Desktop/git_projects/mahout_ws/src/main/java/com/myrecommender/handler/actions/Action.java
/home/user/Desktop/git_projects/mahout_ws/src/main/java/com/myrecommender/handler/models/entities/Item.java
/home/user/Desktop/git_projects/mahout_ws/src/main/java/com/myrecommender/handler/actions/preferenceoriented/GetPrefAction.java
/home/user/Desktop/git_projects/mahout_ws/src/main/java/com/myrecommender/handler/actions/itemoriented/GetItemAction.java
/home/user/Desktop/git_projects/mahout_ws/src/main/java/com/myrecommender/handler/actions/useroriented/GetUserAction.java
/home/user/Desktop/git_projects/mahout_ws/src/main/java/com/myrecommender/handler/actions/useroriented/GetUserPrefsAction.java
/home/user/Desktop/git_projects/mahout_ws/src/main/java/com/myrecommender/mahout_service/SampleRecommender.java
/home/user/Desktop/git_projects/mahout_ws/src/main/java/com/myrecommender/handler/actions/preferenceoriented/UpdatePreferenceAction.java
/home/user/Desktop/git_projects/mahout_ws/src/main/java/com/myrecommender/model/MySQLJDBCDataModel.java
/home/user/Desktop/git_projects/mahout_ws/src/main/java/com/myrecommender/handler/actions/useroriented/SetUserLatLngAction.java
/home/user/Desktop/git_projects/mahout_ws/src/main/java/com/myrecommender/handler/actions/useroriented/CreateUserAction.java
/home/user/Desktop/git_projects/mahout_ws/src/main/java/com/myrecommender/mahout_service/GeoRescorer.java
/home/user/Desktop/git_projects/mahout_ws/src/main/java/com/myrecommender/handler/actions/preferenceoriented/StorePreferenceAction.java
/home/user/Desktop/git_projects/mahout_ws/src/main/java/com/myrecommender/handler/actions/itemoriented/GetItemIdAction.java
/home/user/Desktop/git_projects/mahout_ws/src/main/java/com/myrecommender/mahout_service/RecommenderWrapper.java
/home/user/Desktop/git_projects/mahout_ws/src/main/java/com/myrecommender/handler/actions/useroriented/GetUserByIdAction.java
/home/user/Desktop/git_projects/mahout_ws/src/main/java/com/myrecommender/handler/actions/preferenceoriented/CheckPrefExistsAction.java
/home/user/Desktop/git_projects/mahout_ws/src/main/java/com/myrecommender/handler/util/HibernateUtil.java
/home/user/Desktop/git_projects/mahout_ws/src/main/java/com/myrecommender/handler/HandlerServlet.java
/home/user/Desktop/git_projects/mahout_ws/src/main/java/com/myrecommender/handler/actions/useroriented/LoginAction.java
/home/user/Desktop/git_projects/mahout_ws/src/main/java/com/myrecommender/handler/actions/itemoriented/GetGPlaceIdAction.java
/home/user/Desktop/git_projects/mahout_ws/src/main/java/com/myrecommender/mahout_service/RecommenderServlet.java
/home/user/Desktop/git_projects/mahout_ws/src/main/java/com/myrecommender/mahout_service/RecommenderSingleton.java
/home/user/Desktop/git_projects/mahout_ws/src/main/java/com/myrecommender/model/AbstractJDBCDataModel.java
/home/user/Desktop/git_projects/mahout_ws/src/main/java/com/myrecommender/handler/actions/itemoriented/SavePlaceAction.java
